Component: Arm Compiler for Embedded 6.21 Tool: armlink [5ec1fa00]

==============================================================================

Section Cross References

    hinkanji.o(RESET) refers to hinkanji.o(.text) for Reset_Handler


==============================================================================

Image Symbol Table

    Local Symbols

    Symbol Name                              Value     Ov Type        Size  Object(Section)

    hinkanji.s                               0x00000000   Number         0  hinkanji.o ABSOLUTE
    RESET                                    0x00000000   Section      128  hinkanji.o(RESET)
    .text                                    0x00000080   Section      156  hinkanji.o(.text)

    Global Symbols

    Symbol Name                              Value     Ov Type        Size  Object(Section)

    BuildAttributes$$THM_ISAv3M$S$A:L22$X:L11$S22$IEEE1$~IW$USESV6$~STKCKD$USESV7$~SHL$OSPACE$EBA8$STANDARDLIB$PRES8$EABIv2 0x00000000   Number         0  anon$$obj.o ABSOLUTE
    __Vectors                                0x00000000   Data           4  hinkanji.o(RESET)
    Reset_Handler                            0x00000081   Thumb Code   132  hinkanji.o(.text)



==============================================================================

Memory Map of the image

  Image Entry point : 0x00000081

  Load Region LR_1 (Base: 0x00000000, Size: 0x0000011c, Max: 0xffffffff, ABSOLUTE)

    Execution Region ER_RO (Exec base: 0x00000000, Load base: 0x00000000, Size: 0x0000011c, Max: 0xffffffff, ABSOLUTE)

    Exec Addr    Load Addr    Size         Type   Attr      Idx    E Section Name        Object

    0x00000000   0x00000000   0x00000080   Data   RO            1    RESET               hinkanji.o
    0x00000080   0x00000080   0x0000009c   Code   RO            2  * .text               hinkanji.o


    Execution Region ER_RW (Exec base: 0x20000000, Load base: 0x0000011c, Size: 0x00000000, Max: 0xffffffff, ABSOLUTE)

    **** No section assigned to this execution region ****


    Execution Region ER_ZI (Exec base: 0x20000000, Load base: 0x0000011c, Size: 0x00000000, Max: 0xffffffff, ABSOLUTE)

    **** No section assigned to this execution region ****


==============================================================================

Image component sizes


      Code (inc. data)   RO Data    RW Data    ZI Data      Debug   Object Name

       156         24        128          0          0        408   hinkanji.o

    ----------------------------------------------------------------------
       156         24        128          0          0        408   Object Totals
         0          0          0          0          0          0   (incl. Generated)
         0          0          0          0          0          0   (incl. Padding)

    ----------------------------------------------------------------------
         0          0          0          0          0          0   Library Totals
         0          0          0          0          0          0   (incl. Padding)

    ----------------------------------------------------------------------

==============================================================================


      Code (inc. data)   RO Data    RW Data    ZI Data      Debug   

       156         24        128          0          0        408   Grand Totals
       156         24        128          0          0        408   ELF Image Totals
       156         24        128          0          0          0   ROM Totals

==============================================================================

    Total RO  Size (Code + RO Data)                  284 (   0.28kB)
    Total RW  Size (RW Data + ZI Data)                 0 (   0.00kB)
    Total ROM Size (Code + RO Data + RW Data)        284 (   0.28kB)

==============================================================================

